Task,Best,Expected,Worst
Task A,5,20
Task B,6,40
Task C,1,24
Task D,10,15
Task E,5,12
Task F,12,34
